#include <inttypes.h>
#include <stdlib.h>
#include <string.h>
static int __dredd_enabled_mutation(int local_mutation_id) {
  static int initialized = 0;
  static uint64_t enabled_bitset[1];
  if (!initialized) {
    const char* dredd_environment_variable = getenv("DREDD_ENABLED_MUTATION");
    if (dredd_environment_variable) {
      char* temp = malloc(strlen(dredd_environment_variable) + 1);
      strcpy(temp, dredd_environment_variable);
      char* token;
      token = strtok(temp, ",");
      while(token) {
        int value = atoi(token);
        int local_value = value - 0;
        if (local_value >= 0 && local_value < 1) {
          enabled_bitset[local_value / 64] |= (1 << (local_value % 64));
        }
        token = strtok(NULL, ",");
      }
      free(temp);
    }
    initialized = 1;
  }
  return enabled_bitset[local_mutation_id / 64] & (1 << (local_mutation_id % 64));
}

int main() {
  if (!__dredd_enabled_mutation(0)) { return 0; }
}
