#include <inttypes.h>
#include <stdlib.h>
#include <string.h>
static int __dredd_some_mutation_enabled = 1;
static int __dredd_enabled_mutation(int local_mutation_id) {
  static int initialized = 0;
  static uint64_t enabled_bitset[5];
  if (!initialized) {
    int some_mutation_enabled = 0;
    const char* dredd_environment_variable = getenv("DREDD_ENABLED_MUTATION");
    if (dredd_environment_variable) {
      char* temp = malloc(strlen(dredd_environment_variable) + 1);
      strcpy(temp, dredd_environment_variable);
      char* token;
      token = strtok(temp, ",");
      while(token) {
        int value = atoi(token);
        int local_value = value - 0;
        if (local_value >= 0 && local_value < 306) {
          enabled_bitset[local_value / 64] |= (1 << (local_value % 64));
          some_mutation_enabled = 1;
        }
        token = strtok(NULL, ",");
      }
      free(temp);
    }
    initialized = 1;
    __dredd_some_mutation_enabled = some_mutation_enabled;
  }
  return enabled_bitset[local_mutation_id / 64] & (1 << (local_mutation_id % 64));
}

static int __dredd_replace_unary_operator_Minus_int(int arg, int local_mutation_id) {
  if (!__dredd_some_mutation_enabled) return -arg;
  if (__dredd_enabled_mutation(local_mutation_id + 0)) return ~arg;
  if (__dredd_enabled_mutation(local_mutation_id + 1)) return !arg;
  if (__dredd_enabled_mutation(local_mutation_id + 2)) return arg;
  return -arg;
}

static int __dredd_replace_expr_int(int arg, int local_mutation_id) {
  if (!__dredd_some_mutation_enabled) return arg;
  if (__dredd_enabled_mutation(local_mutation_id + 0)) return !(arg);
  if (__dredd_enabled_mutation(local_mutation_id + 1)) return ~(arg);
  if (__dredd_enabled_mutation(local_mutation_id + 2)) return -(arg);
  if (__dredd_enabled_mutation(local_mutation_id + 3)) return 0;
  if (__dredd_enabled_mutation(local_mutation_id + 4)) return 1;
  if (__dredd_enabled_mutation(local_mutation_id + 5)) return -1;
  return arg;
}

static int __dredd_replace_binary_operator_Assign_int_int(int* arg1, int arg2, int local_mutation_id) {
  if (!__dredd_some_mutation_enabled) return (*arg1) = arg2;
  if (__dredd_enabled_mutation(local_mutation_id + 0)) return (*arg1) += arg2;
  if (__dredd_enabled_mutation(local_mutation_id + 1)) return (*arg1) &= arg2;
  if (__dredd_enabled_mutation(local_mutation_id + 2)) return (*arg1) /= arg2;
  if (__dredd_enabled_mutation(local_mutation_id + 3)) return (*arg1) *= arg2;
  if (__dredd_enabled_mutation(local_mutation_id + 4)) return (*arg1) |= arg2;
  if (__dredd_enabled_mutation(local_mutation_id + 5)) return (*arg1) %= arg2;
  if (__dredd_enabled_mutation(local_mutation_id + 6)) return (*arg1) <<= arg2;
  if (__dredd_enabled_mutation(local_mutation_id + 7)) return (*arg1) >>= arg2;
  if (__dredd_enabled_mutation(local_mutation_id + 8)) return (*arg1) -= arg2;
  if (__dredd_enabled_mutation(local_mutation_id + 9)) return (*arg1) ^= arg2;
  return (*arg1) = arg2;
}

static int __dredd_replace_binary_operator_Add_int_int(int arg1, int arg2, int local_mutation_id) {
  if (!__dredd_some_mutation_enabled) return arg1 + arg2;
  if (__dredd_enabled_mutation(local_mutation_id + 0)) return arg1 / arg2;
  if (__dredd_enabled_mutation(local_mutation_id + 1)) return arg1 * arg2;
  if (__dredd_enabled_mutation(local_mutation_id + 2)) return arg1 % arg2;
  if (__dredd_enabled_mutation(local_mutation_id + 3)) return arg1 - arg2;
  if (__dredd_enabled_mutation(local_mutation_id + 4)) return arg1;
  if (__dredd_enabled_mutation(local_mutation_id + 5)) return arg2;
  return arg1 + arg2;
}

int main() {
  int x = __dredd_replace_expr_int(__dredd_replace_binary_operator_Add_int_int(__dredd_replace_expr_int(0, 0) , __dredd_replace_expr_int(0, 6), 12), 18);
  if (!__dredd_enabled_mutation(64)) { __dredd_replace_expr_int(__dredd_replace_binary_operator_Assign_int_int(&(x) , __dredd_replace_expr_int(__dredd_replace_binary_operator_Add_int_int(__dredd_replace_expr_int(0, 24) , __dredd_replace_expr_int(1, 30), 36), 42), 48), 58); }
  if (!__dredd_enabled_mutation(105)) { __dredd_replace_expr_int(__dredd_replace_binary_operator_Assign_int_int(&(x) , __dredd_replace_expr_int(__dredd_replace_binary_operator_Add_int_int(__dredd_replace_expr_int(1, 65) , __dredd_replace_expr_int(0, 71), 77), 83), 89), 99); }
  if (!__dredd_enabled_mutation(155)) { __dredd_replace_expr_int(__dredd_replace_binary_operator_Assign_int_int(&(x) , __dredd_replace_expr_int(__dredd_replace_binary_operator_Add_int_int(__dredd_replace_expr_int(0, 106) , __dredd_replace_expr_int(__dredd_replace_unary_operator_Minus_int(__dredd_replace_expr_int(1, 112), 118), 121), 127), 133), 139), 149); }
  if (!__dredd_enabled_mutation(205)) { __dredd_replace_expr_int(__dredd_replace_binary_operator_Assign_int_int(&(x) , __dredd_replace_expr_int(__dredd_replace_binary_operator_Add_int_int(__dredd_replace_expr_int(__dredd_replace_unary_operator_Minus_int(__dredd_replace_expr_int(1, 156), 162), 165) , __dredd_replace_expr_int(0, 171), 177), 183), 189), 199); }
  if (!__dredd_enabled_mutation(255)) { __dredd_replace_expr_int(__dredd_replace_binary_operator_Assign_int_int(&(x) , __dredd_replace_expr_int(__dredd_replace_binary_operator_Add_int_int(__dredd_replace_expr_int(1, 206) , __dredd_replace_expr_int(__dredd_replace_unary_operator_Minus_int(__dredd_replace_expr_int(1, 212), 218), 221), 227), 233), 239), 249); }
  if (!__dredd_enabled_mutation(305)) { __dredd_replace_expr_int(__dredd_replace_binary_operator_Assign_int_int(&(x) , __dredd_replace_expr_int(__dredd_replace_binary_operator_Add_int_int(__dredd_replace_expr_int(__dredd_replace_unary_operator_Minus_int(__dredd_replace_expr_int(1, 256), 262), 265) , __dredd_replace_expr_int(1, 271), 277), 283), 289), 299); }
}
