void foo() {
  constexpr int a = 1 + 2;
  constexpr int b = a + a;
}
