enum A {
  X,
  Y
};

void foo() {
  enum A myA = X;
}
