#include <inttypes.h>
#include <stdbool.h>
#include <stdlib.h>
#include <string.h>

#ifdef _MSC_VER
#define thread_local __declspec(thread)
#elif __APPLE__
#define thread_local __thread
#else
#include <threads.h>
#endif

static thread_local int __dredd_some_mutation_enabled = 1;
static int __dredd_enabled_mutation(int local_mutation_id) {
  static thread_local int initialized = 0;
  static thread_local uint64_t enabled_bitset[1];
  if (!initialized) {
    int some_mutation_enabled = 0;
    const char* dredd_environment_variable = getenv("DREDD_ENABLED_MUTATION");
    if (dredd_environment_variable) {
      char* temp = malloc(strlen(dredd_environment_variable) + 1);
      strcpy(temp, dredd_environment_variable);
      char* token;
      token = strtok(temp, ",");
      while(token) {
        int value = atoi(token);
        int local_value = value - 0;
        if (local_value >= 0 && local_value < 39) {
          enabled_bitset[local_value / 64] |= (1 << (local_value % 64));
          some_mutation_enabled = 1;
        }
        token = strtok(NULL, ",");
      }
      free(temp);
    }
    initialized = 1;
    __dredd_some_mutation_enabled = some_mutation_enabled;
  }
  return enabled_bitset[local_mutation_id / 64] & (1 << (local_mutation_id % 64));
}

static int __dredd_replace_expr_int(int arg, int local_mutation_id) {
  if (!__dredd_some_mutation_enabled) return arg;
  if (__dredd_enabled_mutation(local_mutation_id + 0)) return !(arg);
  if (__dredd_enabled_mutation(local_mutation_id + 1)) return ~(arg);
  if (__dredd_enabled_mutation(local_mutation_id + 2)) return -(arg);
  if (__dredd_enabled_mutation(local_mutation_id + 3)) return 0;
  if (__dredd_enabled_mutation(local_mutation_id + 4)) return 1;
  if (__dredd_enabled_mutation(local_mutation_id + 5)) return -1;
  return arg;
}

static int __dredd_replace_binary_operator_Or_arg1_int_arg2_int(int arg1, int arg2, int local_mutation_id) {
  if (!__dredd_some_mutation_enabled) return arg1 | arg2;
  if (__dredd_enabled_mutation(local_mutation_id + 0)) return arg1 & arg2;
  if (__dredd_enabled_mutation(local_mutation_id + 1)) return arg1 ^ arg2;
  if (__dredd_enabled_mutation(local_mutation_id + 2)) return arg1;
  if (__dredd_enabled_mutation(local_mutation_id + 3)) return arg2;
  return arg1 | arg2;
}

static int __dredd_replace_binary_operator_Assign_arg1_int_arg2_int(int* arg1, int arg2, int local_mutation_id) {
  if (!__dredd_some_mutation_enabled) return (*arg1) = arg2;
  if (__dredd_enabled_mutation(local_mutation_id + 0)) return (*arg1) += arg2;
  if (__dredd_enabled_mutation(local_mutation_id + 1)) return (*arg1) &= arg2;
  if (__dredd_enabled_mutation(local_mutation_id + 2)) return (*arg1) /= arg2;
  if (__dredd_enabled_mutation(local_mutation_id + 3)) return (*arg1) *= arg2;
  if (__dredd_enabled_mutation(local_mutation_id + 4)) return (*arg1) |= arg2;
  if (__dredd_enabled_mutation(local_mutation_id + 5)) return (*arg1) %= arg2;
  if (__dredd_enabled_mutation(local_mutation_id + 6)) return (*arg1) <<= arg2;
  if (__dredd_enabled_mutation(local_mutation_id + 7)) return (*arg1) >>= arg2;
  if (__dredd_enabled_mutation(local_mutation_id + 8)) return (*arg1) -= arg2;
  if (__dredd_enabled_mutation(local_mutation_id + 9)) return (*arg1) ^= arg2;
  return (*arg1) = arg2;
}

int main() {

    int ABC;
    
    if (!__dredd_enabled_mutation(38)) { __dredd_replace_expr_int(__dredd_replace_binary_operator_Assign_arg1_int_arg2_int(&(ABC) , __dredd_replace_expr_int(__dredd_replace_binary_operator_Or_arg1_int_arg2_int(__dredd_replace_expr_int(2, 0)
    #if 1
        , __dredd_replace_expr_int(5, 6), 12), 16), 22), 32);  }
    #endif
        ;

}
