#include <iostream>

static unsigned long long int no_op = 0;

#include <cinttypes>
#include <cstddef>
#include <functional>
#include <string>


#ifdef _MSC_VER
#define thread_local __declspec(thread)
#elif __APPLE__
#define thread_local __thread
#endif

#include <limits>
#include <cmath>
#define MUTATION_RETURN(arg) actual_result
#define MUTATION_PRELUDE(arg,type) type actual_result = (arg)
int main() {
  std::cout << "A\n";
  std::cout << "B\n";
  std::cout << "C\n";
  std::cout << "D\n";
  std::cout << "E\n";
  std::cout << "F\n";
  std::cout << "G\n";
}
